OK carte, taux absent : HT et « TTC non calculé — TVA à renseigner », aucun TTC à 20 % (Bordereau chiffré, à valider : 201 200,00 DH HT · TTC non calculé — TVA à renseigner)
OK carte, taux en hypothèse : TTC v6 nommé hypothèse (Bordereau chiffré, à valider : 221 320,00 DH TTC — TVA 10 % hypothèse non confirmée)
OK carte, DCE mixte : total v6 par taux (Bordereau chiffré, à valider : 233 400,00 DH TTC (TVA mixte (20 %, 10 %) confirmée))
OK carte, taux confirmé unique : libellé existant, TTC v6 (Bordereau chiffré, à valider : 241 440,00 DH TTC)
OK liste du bureau B3.1 (mpnFile « prix ») : mêmes résumés que les cartes
OK réel BG (lecture) : la carte ne prétend plus un TTC à 20 % (Bordereau chiffré, à valider : 2 127 565,20 DH HT · TTC non calculé — TVA à renseigner)
OK parcours express : même résumé (b31ResumeTTC)
OK montant validé antérieur affiché alors que la TVA n'est plus renseignée : nommé historique (dé à −3,42 % : 241 440,00 DH TTC — montant historique de l'offre figée, pas un TTC actuel (TVA non renseignée))
OK cartes : lecture seule (seule la validation fictive fx-v6t a écrit)
OK ligne verrouillée : « Enregistrer le sous-détail sans changer le PU » proposé, « Reporter » absent
OK modification du coût : rien n'est écrit en arrière-plan, « non enregistrées » affiché
OK enregistrement coût seul : événement « cout » (coût de revient 12029.47 → 12492.14, PU 28 000 inchangé) PUIS bordereau
OK tous les PU, verrous et provenances conservés ; sous-détail enregistré
OK marge calculée contre le PU de vente actuel : 15507.86 DH
OK après rechargement : coût relu depuis le stockage
OK historique : coût avant / après, PU inchangé, marge (Ligne 0-4 : coût de revient 12 029,47 DH → 12 492,14 DH · PU 28 000,00 DH (inchangé) · marge 15 507,86 DH (55,39 % du PU)
OK coût rendu partiel : enregistré « inconnu » (jamais 0), couverture 5/6, marge non calculée, PU inchangés
OK historique refusé : rien n'est écrit, modifications toujours en attente, message « non enregistré »
OK bordereau refusé : événement « échec » ajouté, coût NON enregistré (en attente), PU inchangés
OK saisie d'un PU pendant un sous-détail en attente : le PU est écrit, le sous-détail non enregistré n'est PAS écrit avec lui
OK changement de verrou refusé tant qu'un sous-détail est en attente (aucune écriture)
OK « Annuler les modifications » : retour au sous-détail enregistré
OK « Reporter » : action distincte, coût et PU écrits ensemble après l'événement, verrous intacts
OK 1440 : bouton « Sous-détail » entièrement visible dans sa cellule (6 lignes)
OK aucune erreur JavaScript []
OK dossiers réels : inchangés, aucune écriture []
OK 390 : lignes en cartes inchangées, aucun débordement (0 px)
OK 390 : panneau sous-détail (deux actions) sans débordement, aucune erreur (0 px)
OK 390_sombre : lignes en cartes inchangées, aucun débordement (0 px)
OK 390_sombre : panneau sous-détail (deux actions) sans débordement, aucune erreur (0 px)
30 / 30
